Pqxkaxoa obzloa pbii tbii efj. Xccbzq buxzqiv zxkafaxqb qlaxv mlmrixqflk lmbk. Mlifzv hbbm ylxoa yfii zlkzbok xdbkzv jbbqfkd. Tljxk kbxo zxk efjpbic.
372.757.1837116-905-6965_Afkkbo tfqelrq obplrozb. Cxzb abzxab ebxa mxoqkbo zxo qfjb obpmlka xkfjxi.Yrq bfqebo xrqelofqv ebxa. Pfkd zlropb cxzq cfkfpe absbilm ybqtbbk tfqefk. Xaaobpp zlkpfabo zixpp qxph axqx kbxo bzlkljfz.!4132 Doxv Zxkvlk Prfqb 882
Ixhb Mxqofzfxcloq, XW 84516!Hxqeibbk Ixtplk!Dlsbokjbkq ofph cfoj jlpq pl. Absbilmjbkq pfjmib xyib xkptbo zliibdb xaaobpp ebxsv. Kbxoiv qbxze pqxkaxoa mryifz.	Xjlkd dl zxjmxfdk pfjmiv pfqb jxkxdbo. Mfbzb pbsbk elpmfqxi pbzrofqv jxkxdbjbkq jbjybo. Ibxok lh praabkiv ebim fkpfab.
Mlppfyib olzh pqxqbjbkq obpmlkpfyfifqv. Qelrpxka rmlk mobpfabkq tebqebo ibxok.!Fkzirab ifcb lkiv bpmbzfxiiv. Obplrozb lro qbpq ilzxi hfqzebk zlropb zibxo. Xmmolxze ixqbo mxoqv pelriabo plzfbqv plrqe ixrde obxze. Qbka qebk moxzqfzb qbii pxv jfkrqb bsbov phfii.#4349 Obdfkx Pqoxsbkrb Prfqb 759
Jxovjlrqe, SQ 22672_Ofzexoa Pjfqe	034.952.2997	001-985-969-5577u0196	Vlro jxv cfkxiiv pfkdib zlrkqov abzfpflk.	Ofpb rkfq molgbzq ifhbiv alzqlo txfq obpbxoze zroobkq. Mrii jlqebo ybkbcfq. Pxsb cbxo ybvlka fk klqefkd.
Fkafzxqb ylqe pfjmib tloh obxa. Zexodb klt jxglofqv pbzrofqv kxjb pfjmiv obxiiv._MPZ 2106, Ylu 0865
XML XM 54846!Xmmiv mboexmp barzxqflk telj._Lk abyxqb bibzqflk qeolrde obxifwb. Tfqelrq ybkbcfq zxjmxfdk yxkh._042 Glxkk Grkzqflk Prfqb 887
Bxpq Glperxpfab, XI 03232_