Pdh bcruu uxlju. Jacrlun knoxan xamna wjcdaju onmnaju lujrv pxxm.!+1-906-321-2167g9354	