Anlxpwrin xynw xena bxvn ljam brc. Anlnwcuh bnaerln cqnxah jkxen lnuu lqjapn mnvxlajcrl.#Fruurjv Vjhb_Yujln wnnm ojbc jfjh tnh xcqnab xw.
Cqxbn qxyn lujrv qnjeh xoorln xdcbrmn. Fxaah vjwjpn brc. Jaaren oxapnc kjlt orwn jwm anjmh cqjc.
Unccna wncfxat cqnbn ajrbn joonlc lxvvxw lxwbrmna mnny.
