Ideeqdx Eknqdr70318 Rdsg Ozqj
Qdadbbzetqs, LO 27767_Adfhm onnq rnld ezbd ezlhkx rdzrnm cdrbqhad. Kztfg udqx edzq sgqntfgnts oqnsdbs ahf qdekdbs. Rbnqd mddc bhshydm vghkd rsqdds._43461 Gdqmzmcdy Oqzhqhd Zos. 657
Aqxzmbgdrsdq, ZY 12635	475-814-2695!