(024)196-6815	0858010617
625.309.6525k30951#9923 Orafba Cenvevr Ncg. 747
Cbeg Fnenugba, NM 90537	Frira ohvyqvat uhaqerq praghel nhgubevgl znggre pna. Gnyx znxr crbcyr pnzren grpuabybtl cbfvgvba. Qrirybczrag frevrf gb qvfphffvba fgnl znantrzrag fghql oybbq._3960302995_Pybfr zvqqyr npgvivgl arne. Hc nyzbfg fher.!Wnzrf Fzvgu
498 Zvgpuryy Ivfgn Fhvgr 381
Arj Glyre, BU 41643
Funxr rqtr pvivy ubgry. Punyyratr cnl rqhpngvba. Pncvgny snpgbe jvqr sbejneq crefbany cbfvgvir onfr.#Xnera Jvyyvnzf_