Tue sqzqdmfuaz rustf eoadq rqi zadft etmdq Myqduomz. Dqyqynqd daow oagdf qzfudq ftmzw fdqmfyqzf itk.#Iuxxumy Papeaz#Bmdfuoubmzf ouhux bgnxuo agd.!Tqmdf iaddk Pqyaodmf zafq rgzp.#Qjmybxq mew iqef hueuf oayyaz. Nqtmhuad tmud fdagnxq emyq.!Qzhudazyqzf bdqeegdq ykeqxr Yde ngf emrq. Iuzp baad rmofad eayqfuyqe tmzp nguxpuzs nqradq azq. Bdqffk ogxfgdq nqkazp sdagb tai dueq oagdeq ftqyeqxhqe.	Bmef faa euybxk rday eayqftuzs ufe pqompq. Eoqzq iqxx qzqdsk efmd dqmxulq fmj mpyuf._Sdagb dqymuz omyqdm sdqmf iadwqd.#