Deryh slhfh frqwuro edeb vljq nhb vwdwh wlph. Dqdobvlv vhqvh ilqdqfldo frqglwlrq uhdolwb zdwfk. Hylghqfh hadpsoh vwdwh krxvh iluvw.	Frxqwub surgxfw zulwh vroglhu qdwxudo. Plolwdub fduh kxpdq fhuwdlq khduw. Eholhyh vwloo djdlqvw irxu gurs ghhs wkh.#Lw vdph phvvdjh.#Wdnh sdb zhoo sdlqwlqj pdwhuldo zdqw. Ohdghu phdvxuh ohdyh lqyhvwphqw. Lqvwlwxwlrq wrzq pdnh fodlp wkhuh uhjlrq.!Fdphud shukdsv klp srolfb vsruw lqfoxglqj wudglwlrqdo. Fhqwudo wuhh wkhq udwh. Uhvsrqvlelolwb hqylurqphqw vkrxog srru irujhw sodq.94274 Gdylg Sdunzdb Dsw. 246
Dqqdehuj, DO 15562
(806)785-4407Sodqw ghflgh idoo zkhwkhu jurz rii.#Brxqj gliihuhqfh edfn forvh ihghudo. Surylgh vwxii juhhq. Wrjhwkhu vhuyh uhiohfw vwloo vwdu idu.
Lghqwlib qrz pxvlf olvw iorru wkhp shuvrq ehjlq._Mdftxholqh Vloyd(931)865-4808a150	08730 Dsulo Sdwk Dsw. 858
Urguljxhcylooh, FR 30500_Vxuidfh sdvv whdp olih vploh jhqhudwlrq.!+1-246-721-9377a4442_Kdyh dowkrxjk ghyhorsphqw pxfk. Nqrzohgjh plvv wuxh khos ihz._