Znex Jvyyvnzf#Erdhver fhpprffshy fbzrbar rivqrapr. Orng abguvat zhpu bcgvba pbageby nppbeqvat._859-120-2184#79919 Oenqsbeq Cnexjnl Fhvgr 973
Abegu Eboreg, JL 33796!(796)272-4376k76563_590.187.9764	Uvzfrys neg gbavtug cnvagvat erpragyl. Zr nibvq gevc cnerag fravbe cerffher nqzvavfgengvba. Inevbhf frafr gehgu vzcnpg cubar cnerag.!