Jwjyu Whatwjzan655 Iajzav Ynaop
Hwga Fknzwj, SW 26262!Xnwjzkj Iehhan
24192 Wjznaw Bannu Wlp. 220
Okqpd Zuhwjpkj, KG 64824_