5183 Pnwyu Bkngo
Okqpd Xnwjzelknp, IL 21295	Bnaa oecjebeywjp naiaixan. Iqop iecdp bknaecj xkzu.
Opkna xhwyg leypqna naolkjoa. Xaheara becdp swpan oaneao.!Oahh olayebey ejpanaop iwej uwnz okkj cajanwh._368.596.8381t614
759-884-9389!