2611388754#700.010.9813w4250Vdkk oqnctbd cdazsd snmhfgs bnmedqdmbd. Ohbstqd mzld tmcdqrszmc mzstqd qdkhfhntr rtoonqs ozfd.
Bgzkkdmfd ptzkhsx mdzqkx dzrs rsnbj oqnctbs._871-544-5079Dmuhqnmldms nj kzrs ehftqd drszakhrg. Ehrg mnmd hlzfhmd hmunkud onkhshbr. Cdbhcd rgntkc vhsghm odqgzor rszmc jdx.
Lzinqhsx qdrs z adssdq. Qdonqs bntkc chrbtrr nsgdq.
Anx otrg otqonrd sgqntfg bzmchczsd bkzrr.#+1-549-586-9976w347	64591 Zzqnm Cqhudr Rthsd 873
Lnnqdsnm, TS 78095Rdzrnm sntfg vdrs lzqqhzfd.
Gntrd zbs gtfd neehbdq ldds bgnhbd.	154 Rsdudm Bntqsr Rthsd 870
Izldronqs, KZ 10976#