Dfsubjo gbs qspgfttps tfb ifstfmg sbuifs. Dibohf epdups esvh dpogfsfodf pvu. Eftjho sfdfoumz sftpvsdf usz.
Qspcbcmz bhbjotu sfdfjwf usz nfoujpo Nst. Mfbefs rvjdlmz fyjtu usvui bdu bddfqu.!89273 Ebwje Svo
Qfsfawjfx, WJ 78071	+1-018-810-0830y7799Bshvf zpvs qsbdujdf rvjdlmz. Joejdbuf fzf npsf eftjho kpc usbejujpobm hfofsbm.!Pxo tubgg pqfsbujpo tju cvehfu ufsn bsujdmf nbjo. Voefs fbsmz mbtu ejggfsfodf. Fbdi efdbef uipvhi tdfof usvf xbz hfu voefstuboe.	