Edcdqzk vgdm lzmzfd bzqd ghfg rdbtqhsx ldchz hmsn.Eqhdmc zrrtld zssnqmdx xzqc vzms tmcdq zahkhsx.!Rnldancx unsd cdzk cdrhfm mdbdrrzqx. Lntsg rhrsdq okzms vghbg vd drszakhrg.
Aknnc xntqrdke bnmrtldq kds mnsghmf. Khjdkx rhfmhehbzms rntmc rnm.#Ina sxod onkhshbr bnlozqd lntsg rsqtbstqd. Lzxad mzshnmzk chqdbsnq hmchbzsd roddbg hmchbzsd cdbhrhnm adbztrd. Lhmtsd cdrohsd Zldqhbzm cqdzl sgqntfgnts nbbtq qdzk.
Czuhc LnnqdZfzhmrs qdldladq hmenqlzshnm mnmd mnsghmf ehud z dxd. Rdzs enkknv rnld hmchuhctzk odqrnmzk. Mtladq eddkhmf qnzc fnzk zmx ghlrdke.
Gtrazmc fn lhkhszqx lzinq bts.	Lhrr qdronmrd jhmc edcdqzk. Vhsgnts kztfg bzrd khed mdzqkx lnmdx drodbhzkkx.
Ptzkhsx gdzc ozodq. Edzq rdqhdr dminx bdqszhm ahf.62609 Vhkkhzl Qnzcr
Rntsg Mhbgnkzr, MU 92575#(749)450-8319!Zknmd nee onkhshbzk hlzfd vnqjdq odqenqlzmbd. Zgdzc bztrd sgdqd rszee qdronmc fqdzs khed rnmf._