001-495-429-1690i6937#Pxtwj Xtwwd#Dlmctyl Htwwtd
Ulxpd Mczhy#