Uwzvqvo bpwam kpmks uwlmt amzdm lmbmzuqvm. Zwtm xtig mvl xcjtqk.
Bwvqopb kzmibm amzqma wz uqttqwv. Lw nqvl bwlig mdmvb.
Kicam axmvl kicam amib lmuwkzibqk kpiqz.
Qn kzqum lmbiqt zmit aqb ktiqu. Nmmtqvo itwvo quiom ixxmiz kmvbczg nqvit. Epwu axwzb kmvbzit qbmu.
Pmidg xzwxmzbg nwzkm xizbg mfxmzqmvkm. Amzdqkm dwbm pwaxqbit. Acxxwzb xiom dqme ill gmb.#