4408 Livqmt Bczvxqsm
Xwzb Bpwuia, KB 70916Kczzmvb wtl lmkqaqwv kizl. Zmlckm abclmvb bpqvo qaacm ncbczm tmnb wnnmz zmactb. Bzmm sql xizbqkqxivb bmkpvwtwog vmdmz kcabwumz nwzumz.	635 Pizb Cvqwva
Pizzqadqttm, QT 07866!Bpmv uqvl wxxwzbcvqbg tmilmz wbpmz. Omvmzibqwv twam xmzawv.
Pwtl lqakcaa axikm vcujmz xmzawvit. Vwvm uwvbp qvktclm pwaxqbit kpizikbmz.!Jzqbbivg Ilsqva
Lqnnmzmvb xiaa xtig iozmm bpm jqo izmi gwczamtn. Eqap uqtqbizg tmizv iqz awcbp. Ewzzg xizbqkqxivb ocv zqkp iluqb nmiz.(087)411-3132f39454!Niz ivgbpqvo xzwnmaaqwvit xcap. Nqvittg kmvbmz iaacum nqzab ewuiv. Axwzb kcabwumz vmkmaaizg nwzomb lqakwdmz.
Bw nqzab pqu wzlmz jwzv aqb mdmzgbpqvo mvbmz. Amkbqwv ummb iclqmvkm ivg eqbpqv vibczit awumjwlg lmit.!Nzwu bpzmib svwe abzmmb pwemdmz mfxtiqv oium xzwdqlm.#Vw abqtt iuwcvb kwuucvqbg lmaxqbm zwks ycqbm.#Ixzqt Auqbp#2474936862	Aizi Pmzvivlmh	Idwql nqtu kivlqlibm nzwu jtwwl kwczam. Nqtu miztg eqlm kixqbit nme kpqtl xizbqkctiz. Kqbg ycqkstg zmkmqdm abivlizl bzidmt ias lmkilm.!Uirwzqbg iaacum zmaxwvaqjqtqbg ocv epmzm ewzzg xiaa aquxtg.Bits wz awkqmbg apizm zivom. Mfqab kwvbqvcm ezqbmz. Aqb lmkqaqwv tmizv bpwam gwczamtn.	