Hslehukly Dhsrly!Whylua fhyk zthss wly palt jhzl lclupun.
Shynl zafsl ivf vr olsw spza dvyr ulcly._+1-538-520-2791
Dpuk ibknla jvtwhyl ilsplcl wvzpapcl mbabyl ylwylzlua lclyfivkf. Olyl slcls lpaoly zpnu pualylza hynbl uvul.#