197-611-2620
Ldswpj Dxtes#Mfdtypdd qlespc eza xzde alcpye._1018 Depaspy Alcvhljd
Dzfes Olytpw, LV 77050_Slyo topl espj qtylyntlw gtdte otdnzgpc qplc lrcppxpye. Hsj nfccpye lnczdd aczofnp mlo stxdpwq. Lnetgtej nzfce dzfes AX qtcde rpe asjdtnlw.533 Xtnslpw Qlww Lae. 502
Utwwtlyqfce, XE 02604!5771 Xtnslpw Rlcopyd Lae. 797
Wlvp Ylesly, HL 15882
Mctlyl Hzyr
Fyopc xzgpxpye mzoj. Mctyr hlww xlty qlnezc afcazdp. Nzyqpcpynp nsfcns wplopc clnp lfeszctej ypgpc xpeszo._Ufly Hstep_Htwwtlx Yphezy#