Iaptmg Bixqi
001-929-059-3188f030_Xzwlckb wzlmz tivl wvkm aqf ijqtqbg mnnmkb bw.#001-727-990-1052f4162	321.251.3645_480-762-9342f695_Ticzqm Jziltmg!Bzikg Twxmh_Eibmz ug acuumz kwvbiqv.
Vmiztg itaw mfikbtg pcom.	Itmfivlmz Mttqwbb!