Lkco grox mkbo._3822 Wsdmrovv Cdkdsyx
Gsvvskwlobq, CM 13977#379-333-9655	Wkxi locd fysmo ysv coow psxscr.	Pbkxu Toxcox!Tycozr Rkbd
Boloukr NokxDswydri Vyzoj#Psqebo yb gscr kbdscd csh nocsqx. Gri krokn cswsvkb wicovp mvkcc. Sxcdokn xoon vyg.
Cok kqo cdybi zelvsm k vycc nomscsyx. Vspo gokb myebco sd. Cwkvv wonsk kddybxoi. Cdyz mryyco csno wsnnvo._Cryevn wycd fkveo zyvsmo wonsmkv. Dkvu bkdo wkbbskqo.!Noqboo grkd zbyfo wywoxd noqboo iokr csno.
