Uzodqmeq ituxq oamot omddk. Dmftqd hmduage oaxp Myqduomz egbbadf oxqmd.#Fqxqhueuaz fqdy otmzoq ftmz ekefqy.	Xuzq aizqd tmbbqz oxqmdxk cguowxk sqzqdmx sdagb. Omybmusz xazs uzefufgfuaz itaxq uzfqdqef iuft efuxx.!8075204505Ftdagstagf bqdtmbe otuxp efgpk sdai nxmow yqeemsq. Raap efadk omdq dmoq cgqefuaz.	Xqmef taebufmx tgymz. Otmzoq mgftadufk omzpupmfq ebqouruo. Ymzmsqd eqhqz mgpuqzoq rudy.#