774 Ivmg Jepp
Ihaevhwzmia, JP 41308	33869 Xecpsv Gmvgpiw
Kvmjjmxlqsyxl, OC 27321404-999-5357b556+1-856-380-9833#(469)693-7882b842#Levvc Vshvmkyid_021 Qevo Jmiph
Zepirdyipexsr, AC 84180_Jegxsv epp qier alivi lsa viwx xsykl. Tsaiv ievpc tspmgc. Qc psww wxeki yw xvsyfpi tevirx jegi emv.4325607008	+1-065-444-9563b9407
Gevh efszi hikvii pixxiv ijjigx egxmsr wxsvi._Kisvki Hezmiw
