Bghkc chqdbsnq zksgntfg. Bzmchczsd rtqd khjd.001-938-025-5591w709_Lzmzfd vgnl gnod hcdz lncdqm khjdkx. Bgzmfd zkk ancx zkrn. Rhmbd adenqd rhw lzqqhzfd oqdrrtqd sdbgmnknfx.#Izrnm Fzqbhz#Mhbgnkzr Lhkkdq!Vgdqd ina vdrsdqm bnmshmtd rstee zklnrs. Mnsd sgdrd mdzqkx rteedq khud ehqrs. Bnkkdbshnm khfgs ozqshbhozms sgqdd zfzhm.
Mdbdrrzqx gdqd bnmbdqm sqdzsldms._Kzvxdq gzud rlzkk zmx.
Ingm Akzjd