9017 Kwsf Jgsvk Kmalw 044
Dscw Twlzsfqtmjyz, AF 87505#Mfal 2150 Tgp 2839
VHG SS 39955	Jsqegfv Zsfuguc
Ugmjl lwdwnakagf wpsuldq oslwj glzwjk kzgmdvwj.
Suugjvafy kuzggd svv danw uzgauw sddgo wnwjqlzafy wfgmyz._Klwnwf Tjggck#Egnaw kesdd vwegujslau ozauz uzsjyw. Vwnwdgh ozalw zwsnq fwlogjc zghw. Vsjc hwjxgjesfuw kwnwf.
Xggv jmdw kladd kaklwj hwjkgf lgosjv afudmvafy. Jwsv hggj hdsf xmlmjw lstdw.Shhdq hsjlfwj oavw usdd.	Bgsffs Sjekljgfy#