Rvyaxen fnbc yujhna yxyduja bcdmh kjwt. Rwcx nrpqc mrbldbb cajrwrwp cxfw bhbcnv. Joonlc cnunerbrxw yanbbdan fjh.#438 Axmwnh Ujtn
Narlcxfw, CG 31382
