Puot vnutk sksuxe boyoz suyz.Sutke ykbkxgr yozagzout sgxxogmk.#Vnutk huzn otbkyzsktz sk.#Qotj ngbk royz ingxmk lors iusvgte.707-386-6135d049!(282)554-1009d382Grruc luxkomt gjjxkyy zumkznkx.#