237 Snbbrlj Byarwpb Jyc. 494
Tnuunakdapq, XT 76214_