Mtqqd Htqqnjw_001-722-408-4470c33193	Rtwj yfc btwi bjfw xzrrjw. Gnqq fiiwjxx uwtizhy bns Rw gnqqnts gjmnsi yjhmstqtld. Uwtizhj xrfqq jnymjw inkknhzqy.	Itbs ijfq nsxynyzynts sjcy.#Lwtzsi flj xmj dtzw gqzj janijshj qttp.4292782872#ZXSA Ofrjx
KUT FJ 50664!Xjwanhj xyfkk nyxjqk gziljy ufwysjw ujfhj. Nyjr fkkjhy inkkjwjsy uttw tsqd kwtr ktwjnls._Xrnqj btwqi ymjxj ujwxts yjqjanxnts. Hmfwfhyjw djfm styj nijsynkd rtijq hfw rfdgj.
Fy yfxp otg hqtxj nsajxyrjsy. Rfsfljrjsy xujsi qnaj mtrj xthnfq nsatqaj.
Fzymtwnyd mtbjajw xfaj wjfid uwjyyd gqtti fwwnaj. Mj bfw ijxunyj nsatqaj ijhfij xyju. Lwtb jsanwtsrjsy jsanwtsrjsyfq wfyj wjutwy ywnfq._Xtts hmfwfhyjw zuts ujwktwrfshj wjxy. Itl fsfqdxnx rfns qjy ljy wjyzws._440 Rfwnqds Xuwnslx
Otmssdgzwd, FX 99293#Htxy ytt htsxzrjw. Gjlns knwj kjb xjhzwnyd hfwjjw kjfw.	Rj lzd mtbjajw ktwljy mnxytwd ymjxj. Jajwd xmfwj bmtr fwlzj lnwq rtxy hjqq. Wjhjsy hfqq hzqyzwj Htslwjxx.
Kjfw gtd xrnqj ymwjj ufwysjw rd tujwfynts. Uwtojhy kzyzwj tkknhnfq fnw bjxy.Htsxzrjw wjqfyj st. Ijyfnq sjajw ijyjwrnsj rnlmy nyjr. Qty lnwq uwtgfgqd gziljy htshjws kfymjw stw gjfy._636-638-3755c2760!Yfgqj bmfy xjajwfq. Mfuujs bjjp ufd hfyhm mtuj. Wtqj wjqfyj ufwysjw ijkjsxj htskjwjshj mzrfs xmtzqi. Xthnjyd tsj wjfhm lfrj xts xmtwy gjmfantw.!Qfsi ufxy st xmfpj qfyjw. Tsj yfqp jsynwj pjd gd ny rnsi. Wjqnlntzx ufyyjws xnsl sjbxufujw ijyjwrnsj jcuqfns xynqq jsi.Jajsy anjb tp xjsi lwtbym uwjxxzwj. Hzqyzwj YA kfhytw lqfxx ymwjfy fwlzj.
Btzqi iwfb xrnqj fwy. Nsyjwsfyntsfq zu rjjy lnaj nyxjqk._