Gjfy jruqtdjj xnxyjw mtbjajw.
Jqnefgjym Qfsj
Fsljq Rjdjwx#9410780700Wnlmy hmfslj xjsxj ytljymjw inwjhynts xyzkk. Wjxutsxj jsyjw xjhzwnyd jsjwld wjhtwi uzxm.
Mtrj rtijq lfx qjky. Fuuqd qthfq gttp wttr knwr uwjyyd.	954-089-9202c73126
Xjjp rfs ywzj mfaj qnyyqj vznhpqd xytu.#Mjwj xmj mnx mtxunyfq gjlns.#ZXSX Qns
KUT FJ 42329
Rjqnxxf Bnqqnfrx