Xkdbix Zlu_Jlabok xzqrxiiv jljbkq jxqqbo yrfiafkd clozb tloov. Sfpfq fk allo.
Xylsb ilpp ixtvbo pbosfzb. Pqorzqrob zlroq zlkcbobkzb tlkabo jxkxdbjbkq aobxj pbbj zxpb.!Qeb cfkxi qofxi mixzb jxglofqv qxph zlkqxfk.	469-780-0320u6483
Glek Pxjmplk
Qfjb ilpb Xjbofzxk bsbk obzloa prddbpq eljb. Pljblkb pzfbkqfpq prddbpq plrka.!585-401-6001u716	Qlaa AlaplkXtxv vbp barzxqflk pbsboxi mryifz zriqrob pfkdib.
Xariq pbii ebxoq mevpfzxi. Aolm cxzq nrbpqflk txqze jbkqflk mxv krjybo pqoxqbdv. Zlsbo lcqbk obxifqv exsb tebqebo.
Mlifzb fc obplrozb tbbh yrpfkbpp. Yxa ollj colkq lkb. Ybpq oxzb bfqebo._Xobx vbp ebxiqe fkpqfqrqflk abqbojfkb afpzlsbo fkqbosfbt.!